// Jest Snapshot v1, https://goo.gl/fbAQLP

exports[`<Loading /> It renders correctly initially 1`] = `
<Layout>
  <Loading>
    <Header />
    <Content
      style={
        Object {
          "padding": "40px 50px 0",
        }
      }
    >
      <div />
    </Content>
    <Footer />
  </Loading>
  <style>
    
        min-height: calc(100vh - 139px);
      
  </style>
</Layout>
`;
